[INFO] Scanning for projects...
[INFO] 
[INFO] --------------< org.example:appium-qacodechalenge_mobile >--------------
[INFO] Building appium-qacodechalenge_mobile 1.0-SNAPSHOT
[INFO]   from pom.xml
[INFO] --------------------------------[ jar ]---------------------------------
[INFO] 
[INFO] --- resources:3.3.1:resources (default-resources) @ appium-qacodechalenge_mobile ---
[INFO] Copying 0 resource from src\main\resources to target\classes
[INFO] 
[INFO] --- compiler:3.13.0:compile (default-compile) @ appium-qacodechalenge_mobile ---
[INFO] Nothing to compile - all classes are up to date.
[INFO] 
[INFO] --- resources:3.3.1:testResources (default-testResources) @ appium-qacodechalenge_mobile ---
[INFO] skip non existing resourceDirectory C:\Users\UX3402\IdeaProjects\appium-qacodechalenge_mobile\src\test\resources
[INFO] 
[INFO] --- compiler:3.13.0:testCompile (default-testCompile) @ appium-qacodechalenge_mobile ---
[INFO] Nothing to compile - all classes are up to date.
[INFO] 
[INFO] --- surefire:3.0.0:test (default-test) @ appium-qacodechalenge_mobile ---
[INFO] ------------------------------------------------------------------------
[INFO] BUILD SUCCESS
[INFO] ------------------------------------------------------------------------
[INFO] Total time:  1.099 s
[INFO] Finished at: 2026-02-16T18:10:03+01:00
[INFO] ------------------------------------------------------------------------
